Microsoft Windows [Version 10.0.19041.985]
(c) Корпорация Майкрософт (Microsoft Corporation). Все права защищены.

C:\Users\Student>git
usage: git [--version] [--help] [-C <path>] [-c <name>=<value>]
           [--exec-path[=<path>]] [--html-path] [--man-path] [--info-path]
           [-p | --paginate | -P | --no-pager] [--no-replace-objects] [--bare]
           [--git-dir=<path>] [--work-tree=<path>] [--namespace=<name>]
           <command> [<args>]

These are common Git commands used in various situations:

start a working area (see also: git help tutorial)
   clone             Clone a repository into a new directory
   init              Create an empty Git repository or reinitialize an existing one

work on the current change (see also: git help everyday)
   add               Add file contents to the index
   mv                Move or rename a file, a directory, or a symlink
   restore           Restore working tree files
   rm                Remove files from the working tree and from the index
   sparse-checkout   Initialize and modify the sparse-checkout

examine the history and state (see also: git help revisions)
   bisect            Use binary search to find the commit that introduced a bug
   diff              Show changes between commits, commit and working tree, etc
   grep              Print lines matching a pattern
   log               Show commit logs
   show              Show various types of objects
   status            Show the working tree status

grow, mark and tweak your common history
   branch            List, create, or delete branches
   commit            Record changes to the repository
   merge             Join two or more development histories together
   rebase            Reapply commits on top of another base tip
   reset             Reset current HEAD to the specified state
   switch            Switch branches
   tag               Create, list, delete or verify a tag object signed with GPG

collaborate (see also: git help workflows)
   fetch             Download objects and refs from another repository
   pull              Fetch from and integrate with another repository or a local branch
   push              Update remote refs along with associated objects

'git help -a' and 'git help -g' list available subcommands and some
concept guides. See 'git help <command>' or 'git help <concept>'
to read about a specific subcommand or concept.
See 'git help git' for an overview of the system.

C:\Users\Student>cd c:\

c:\>cd repos
Системе не удается найти указанный путь.

c:\>cd C:\Users\Student\source\repos\Test_on_C++

C:\Users\Student\source\repos\Test_on_C++>dir
 Том в устройстве C не имеет метки.
 Серийный номер тома: B0D4-7E7D

 Содержимое папки C:\Users\Student\source\repos\Test_on_C++

16.07.2021  19:46    <DIR>          .
16.07.2021  19:46    <DIR>          ..
16.07.2021  19:46    <DIR>          Debug
16.07.2021  19:46               543 Test_on_C++.cpp
09.06.2021  18:53             7 597 Test_on_C++.vcxproj
09.06.2021  18:53             1 029 Test_on_C++.vcxproj.filters
09.06.2021  18:53               168 Test_on_C++.vcxproj.user
               4 файлов          9 337 байт
               3 папок  10 406 039 552 байт свободно

C:\Users\Student\source\repos\Test_on_C++>echo "Я не высыпаюсь" README.md
"Я не высыпаюсь" README.md

C:\Users\Student\source\repos\Test_on_C++>dir
 Том в устройстве C не имеет метки.
 Серийный номер тома: B0D4-7E7D

 Содержимое папки C:\Users\Student\source\repos\Test_on_C++

16.07.2021  19:46    <DIR>          .
16.07.2021  19:46    <DIR>          ..
16.07.2021  19:46    <DIR>          Debug
16.07.2021  19:46               543 Test_on_C++.cpp
09.06.2021  18:53             7 597 Test_on_C++.vcxproj
09.06.2021  18:53             1 029 Test_on_C++.vcxproj.filters
09.06.2021  18:53               168 Test_on_C++.vcxproj.user
               4 файлов          9 337 байт
               3 папок  10 401 886 208 байт свободно

C:\Users\Student\source\repos\Test_on_C++>C:\Users\Student\source\repos\Test_on_C++ echo "Отличненько" README.md
"C:\Users\Student\source\repos\Test_on_C++" не является внутренней или внешней
командой, исполняемой программой или пакетным файлом.

C:\Users\Student\source\repos\Test_on_C++>C:\Users\Student\source\repos\Test_on_C++ echo "Отличненько" README.md
"C:\Users\Student\source\repos\Test_on_C++" не является внутренней или внешней
командой, исполняемой программой или пакетным файлом.

C:\Users\Student\source\repos\Test_on_C++>
C:\Users\Student\source\repos\Test_on_C++>
C:\Users\Student\source\repos\Test_on_C++>
C:\Users\Student\source\repos\Test_on_C++>
C:\Users\Student\source\repos\Test_on_C++>echo "Отличненько" >> README.md

C:\Users\Student\source\repos\Test_on_C++>dir
 Том в устройстве C не имеет метки.
 Серийный номер тома: B0D4-7E7D

 Содержимое папки C:\Users\Student\source\repos\Test_on_C++

23.08.2021  19:18    <DIR>          .
23.08.2021  19:18    <DIR>          ..
16.07.2021  19:46    <DIR>          Debug
23.08.2021  19:18                16 README.md
16.07.2021  19:46               543 Test_on_C++.cpp
09.06.2021  18:53             7 597 Test_on_C++.vcxproj
09.06.2021  18:53             1 029 Test_on_C++.vcxproj.filters
09.06.2021  18:53               168 Test_on_C++.vcxproj.user
               5 файлов          9 353 байт
               3 папок  10 400 120 832 байт свободно

C:\Users\Student\source\repos\Test_on_C++>git int
git: 'int' is not a git command. See 'git --help'.

The most similar command is
        init

C:\Users\Student\source\repos\Test_on_C++>git in it
git: 'in' is not a git command. See 'git --help'.

The most similar commands are
        init
        svn

C:\Users\Student\source\repos\Test_on_C++>git init
Initialized empty Git repository in C:/Users/Student/source/repos/Test_on_C++/.git/

C:\Users\Student\source\repos\Test_on_C++>git add README.md

C:\Users\Student\source\repos\Test_on_C++>git commit -m "Дыра в стене"

*** Please tell me who you are.

Run

  git config --global user.email "you@example.com"
  git config --global user.name "Your Name"

to set your account's default identity.
Omit --global to set the identity only in this repository.

fatal: unable to auto-detect email address (got 'Student@1-13.(none)')

C:\Users\Student\source\repos\Test_on_C++>git config --global user.email "russian.fantomas@yandex.ru"

C:\Users\Student\source\repos\Test_on_C++>git config --global user.name "zigmobil"

C:\Users\Student\source\repos\Test_on_C++>git commit -m "Дыра в стене"
[master (root-commit) 0aede59] Дыра в стене
 1 file changed, 1 insertion(+)
 create mode 100644 README.md

C:\Users\Student\source\repos\Test_on_C++>git branch -M main

C:\Users\Student\source\repos\Test_on_C++>git remote add origin https://github.com/zigmobil/bodrui_i_boikyi.git

C:\Users\Student\source\repos\Test_on_C++>git push -u origin main
Logon failed, use ctrl+c to cancel basic credential prompt.
Username for 'https://github.com': zigmobil
Password for 'https://zigmobil@github.com':
remote: Support for password authentication was removed on August 13, 2021. Please use a personal access token instead.
remote: Please see https://github.blog/2020-12-15-token-authentication-requirements-for-git-operations/ for more information.
fatal: Authentication failed for 'https://github.com/zigmobil/bodrui_i_boikyi.git/'

C:\Users\Student\source\repos\Test_on_C++>git push -u origin main
Logon failed, use ctrl+c to cancel basic credential prompt.
Username for 'https://github.com': zigmobil
Password for 'https://zigmobil@github.com':
remote: Support for password authentication was removed on August 13, 2021. Please use a personal access token instead.
remote: Please see https://github.blog/2020-12-15-token-authentication-requirements-for-git-operations/ for more information.
fatal: Authentication failed for 'https://github.com/zigmobil/bodrui_i_boikyi.git/'

C:\Users\Student\source\repos\Test_on_C++>git push -u origin main
Logon failed, use ctrl+c to cancel basic credential prompt.
Username for 'https://github.com': zigmobil
Password for 'https://zigmobil@github.com':
remote: Support for password authentication was removed on August 13, 2021. Please use a personal access token instead.
remote: Please see https://github.blog/2020-12-15-token-authentication-requirements-for-git-operations/ for more information.
fatal: Authentication failed for 'https://github.com/zigmobil/bodrui_i_boikyi.git/'

C:\Users\Student\source\repos\Test_on_C++>git push -u origin main
Logon failed, use ctrl+c to cancel basic credential prompt.
Username for 'https://github.com': zigmobil
Password for 'https://zigmobil@github.com':
remote: Support for password authentication was removed on August 13, 2021. Please use a personal access token instead.
remote: Please see https://github.blog/2020-12-15-token-authentication-requirements-for-git-operations/ for more information.
fatal: Authentication failed for 'https://github.com/zigmobil/bodrui_i_boikyi.git/'

C:\Users\Student\source\repos\Test_on_C++>git push -u origin main
Logon failed, use ctrl+c to cancel basic credential prompt.
Username for 'https://github.com': zigmobil
Password for 'https://zigmobil@github.com':
remote: Support for password authentication was removed on August 13, 2021. Please use a personal access token instead.
remote: Please see https://github.blog/2020-12-15-token-authentication-requirements-for-git-operations/ for more information.
fatal: Authentication failed for 'https://github.com/zigmobil/bodrui_i_boikyi.git/'

C:\Users\Student\source\repos\Test_on_C++>git push -u origin main
Logon failed, use ctrl+c to cancel basic credential prompt.
Username for 'https://github.com': zigmobil
Password for 'https://zigmobil@github.com':
remote: Support for password authentication was removed on August 13, 2021. Please use a personal access token instead.
remote: Please see https://github.blog/2020-12-15-token-authentication-requirements-for-git-operations/ for more information.
fatal: Authentication failed for 'https://github.com/zigmobil/bodrui_i_boikyi.git/'

C:\Users\Student\source\repos\Test_on_C++>git push -u origin main
Logon failed, use ctrl+c to cancel basic credential prompt.
Username for 'https://github.com': zigmobil
Password for 'https://zigmobil@github.com':
remote: Support for password authentication was removed on August 13, 2021. Please use a personal access token instead.
remote: Please see https://github.blog/2020-12-15-token-authentication-requirements-for-git-operations/ for more information.
fatal: Authentication failed for 'https://github.com/zigmobil/bodrui_i_boikyi.git/'

C:\Users\Student\source\repos\Test_on_C++>git push -u origin main
Logon failed, use ctrl+c to cancel basic credential prompt.
Username for 'https://github.com': zigmobil
Password for 'https://zigmobil@github.com':
remote: Invalid username or password.
fatal: Authentication failed for 'https://github.com/zigmobil/bodrui_i_boikyi.git/'

C:\Users\Student\source\repos\Test_on_C++>git push -u origin main
Logon failed, use ctrl+c to cancel basic credential prompt.
Username for 'https://github.com': zigmobil
Password for 'https://zigmobil@github.com':
Enumerating objects: 3, done.
Counting objects: 100% (3/3), done.
Writing objects: 100% (3/3), 254 bytes | 254.00 KiB/s, done.
Total 3 (delta 0), reused 0 (delta 0), pack-reused 0
To https://github.com/zigmobil/bodrui_i_boikyi.git
 * [new branch]      main -> main
Branch 'main' set up to track remote branch 'main' from 'origin'.

C:\Users\Student\source\repos\Test_on_C++>git add "Test_on_C++.*"

C:\Users\Student\source\repos\Test_on_C++>git commit -m "Русский комментарий"
[main bc542ab] Русский комментарий
 4 files changed, 209 insertions(+)
 create mode 100644 Test_on_C++.cpp
 create mode 100644 Test_on_C++.vcxproj
 create mode 100644 Test_on_C++.vcxproj.filters
 create mode 100644 Test_on_C++.vcxproj.user

C:\Users\Student\source\repos\Test_on_C++>git branch -M main

C:\Users\Student\source\repos\Test_on_C++>git pull
remote: Enumerating objects: 8, done.
remote: Counting objects: 100% (8/8), done.
remote: Compressing objects: 100% (4/4), done.
remote: Total 6 (delta 1), reused 0 (delta 0), pack-reused 0
Unpacking objects: 100% (6/6), 1.28 KiB | 4.00 KiB/s, done.
From https://github.com/zigmobil/bodrui_i_boikyi
   0aede59..2955e77  main       -> origin/main
Merge made by the 'recursive' strategy.
 README.md | 2 +-
 1 file changed, 1 insertion(+), 1 deletion(-)

C:\Users\Student\source\repos\Test_on_C++>git branch -M main

C:\Users\Student\source\repos\Test_on_C++>git push -u origin main
Enumerating objects: 10, done.
Counting objects: 100% (10/10), done.
Delta compression using up to 4 threads
Compressing objects: 100% (8/8), done.
Writing objects: 100% (8/8), 2.65 KiB | 2.65 MiB/s, done.
Total 8 (delta 2), reused 0 (delta 0), pack-reused 0
remote: Resolving deltas: 100% (2/2), done.
To https://github.com/zigmobil/bodrui_i_boikyi.git
   2955e77..46cd9f9  main -> main
Branch 'main' set up to track remote branch 'main' from 'origin'.

C:\Users\Student\source\repos\Test_on_C++>git add crack.txt

C:\Users\Student\source\repos\Test_on_C++>git commit -m "Новый файл"
[main 8c51aaf] Новый файл
 1 file changed, 0 insertions(+), 0 deletions(-)
 create mode 100644 crack.txt

C:\Users\Student\source\repos\Test_on_C++>git branch -M main

C:\Users\Student\source\repos\Test_on_C++>git push -u origin main
Enumerating objects: 4, done.
Counting objects: 100% (4/4), done.
Delta compression using up to 4 threads
Compressing objects: 100% (2/2), done.
Writing objects: 100% (3/3), 300 bytes | 300.00 KiB/s, done.
Total 3 (delta 1), reused 0 (delta 0), pack-reused 0
remote: Resolving deltas: 100% (1/1), completed with 1 local object.
To https://github.com/zigmobil/bodrui_i_boikyi.git
   46cd9f9..8c51aaf  main -> main
Branch 'main' set up to track remote branch 'main' from 'origin'.

C:\Users\Student\source\repos\Test_on_C++>